  Determining projects to restore...
  All projects are up-to-date for restore.
  StockFlowPro.Domain -> C:\Users\ilyas\Documents\sido\StockFlowPro\src\StockFlowPro.Domain\bin\Debug\net8.0\StockFlowPro.Domain.dll
  StockFlowPro.Application -> C:\Users\ilyas\Documents\sido\StockFlowPro\src\StockFlowPro.Application\bin\Debug\net8.0\StockFlowPro.Application.dll
  StockFlowPro.UnitTests -> C:\Users\ilyas\Documents\sido\StockFlowPro\tests\StockFlowPro.UnitTests\bin\Debug\net8.0\StockFlowPro.UnitTests.dll
C:\Users\ilyas\Documents\sido\StockFlowPro\src\StockFlowPro.Infrastructure\Persistence\AppDbContext.cs(1,17): error CS0234: The type or namespace name 'EntityFrameworkCore' does not exist in the namespace 'Microsoft' (are you missing an assembly reference?) [C:\Users\ilyas\Documents\sido\StockFlowPro\src\StockFlowPro.Infrastructure\StockFlowPro.Infrastructure.csproj]
C:\Users\ilyas\Documents\sido\StockFlowPro\src\StockFlowPro.Infrastructure\Persistence\AppDbContext.cs(6,29): error CS0246: The type or namespace name 'DbContext' could not be found (are you missing a using directive or an assembly reference?) [C:\Users\ilyas\Documents\sido\StockFlowPro\src\StockFlowPro.Infrastructure\StockFlowPro.Infrastructure.csproj]
C:\Users\ilyas\Documents\sido\StockFlowPro\src\StockFlowPro.Infrastructure\Persistence\AppDbContext.cs(10,25): error CS0246: The type or namespace name 'DbContextOptions<>' could not be found (are you missing a using directive or an assembly reference?) [C:\Users\ilyas\Documents\sido\StockFlowPro\src\StockFlowPro.Infrastructure\StockFlowPro.Infrastructure.csproj]
C:\Users\ilyas\Documents\sido\StockFlowPro\src\StockFlowPro.Infrastructure\Persistence\AppDbContext.cs(14,12): error CS0246: The type or namespace name 'DbSet<>' could not be found (are you missing a using directive or an assembly reference?) [C:\Users\ilyas\Documents\sido\StockFlowPro\src\StockFlowPro.Infrastructure\StockFlowPro.Infrastructure.csproj]
C:\Users\ilyas\Documents\sido\StockFlowPro\src\StockFlowPro.Infrastructure\Persistence\AppDbContext.cs(15,12): error CS0246: The type or namespace name 'DbSet<>' could not be found (are you missing a using directive or an assembly reference?) [C:\Users\ilyas\Documents\sido\StockFlowPro\src\StockFlowPro.Infrastructure\StockFlowPro.Infrastructure.csproj]
C:\Users\ilyas\Documents\sido\StockFlowPro\src\StockFlowPro.Infrastructure\Persistence\AppDbContext.cs(16,12): error CS0246: The type or namespace name 'DbSet<>' could not be found (are you missing a using directive or an assembly reference?) [C:\Users\ilyas\Documents\sido\StockFlowPro\src\StockFlowPro.Infrastructure\StockFlowPro.Infrastructure.csproj]
C:\Users\ilyas\Documents\sido\StockFlowPro\src\StockFlowPro.Infrastructure\Persistence\AppDbContext.cs(17,12): error CS0246: The type or namespace name 'DbSet<>' could not be found (are you missing a using directive or an assembly reference?) [C:\Users\ilyas\Documents\sido\StockFlowPro\src\StockFlowPro.Infrastructure\StockFlowPro.Infrastructure.csproj]
C:\Users\ilyas\Documents\sido\StockFlowPro\src\StockFlowPro.Infrastructure\Persistence\AppDbContext.cs(18,12): error CS0246: The type or namespace name 'DbSet<>' could not be found (are you missing a using directive or an assembly reference?) [C:\Users\ilyas\Documents\sido\StockFlowPro\src\StockFlowPro.Infrastructure\StockFlowPro.Infrastructure.csproj]
C:\Users\ilyas\Documents\sido\StockFlowPro\src\StockFlowPro.Infrastructure\Persistence\AppDbContext.cs(19,12): error CS0246: The type or namespace name 'DbSet<>' could not be found (are you missing a using directive or an assembly reference?) [C:\Users\ilyas\Documents\sido\StockFlowPro\src\StockFlowPro.Infrastructure\StockFlowPro.Infrastructure.csproj]
C:\Users\ilyas\Documents\sido\StockFlowPro\src\StockFlowPro.Infrastructure\Persistence\AppDbContext.cs(20,12): error CS0246: The type or namespace name 'DbSet<>' could not be found (are you missing a using directive or an assembly reference?) [C:\Users\ilyas\Documents\sido\StockFlowPro\src\StockFlowPro.Infrastructure\StockFlowPro.Infrastructure.csproj]
C:\Users\ilyas\Documents\sido\StockFlowPro\src\StockFlowPro.Infrastructure\Persistence\AppDbContext.cs(21,12): error CS0246: The type or namespace name 'DbSet<>' could not be found (are you missing a using directive or an assembly reference?) [C:\Users\ilyas\Documents\sido\StockFlowPro\src\StockFlowPro.Infrastructure\StockFlowPro.Infrastructure.csproj]
C:\Users\ilyas\Documents\sido\StockFlowPro\src\StockFlowPro.Infrastructure\Persistence\AppDbContext.cs(22,12): error CS0246: The type or namespace name 'DbSet<>' could not be found (are you missing a using directive or an assembly reference?) [C:\Users\ilyas\Documents\sido\StockFlowPro\src\StockFlowPro.Infrastructure\StockFlowPro.Infrastructure.csproj]
C:\Users\ilyas\Documents\sido\StockFlowPro\src\StockFlowPro.Infrastructure\Persistence\AppDbContext.cs(23,12): error CS0246: The type or namespace name 'DbSet<>' could not be found (are you missing a using directive or an assembly reference?) [C:\Users\ilyas\Documents\sido\StockFlowPro\src\StockFlowPro.Infrastructure\StockFlowPro.Infrastructure.csproj]
C:\Users\ilyas\Documents\sido\StockFlowPro\src\StockFlowPro.Infrastructure\Persistence\AppDbContext.cs(24,12): error CS0246: The type or namespace name 'DbSet<>' could not be found (are you missing a using directive or an assembly reference?) [C:\Users\ilyas\Documents\sido\StockFlowPro\src\StockFlowPro.Infrastructure\StockFlowPro.Infrastructure.csproj]
C:\Users\ilyas\Documents\sido\StockFlowPro\src\StockFlowPro.Infrastructure\Persistence\AppDbContext.cs(33,45): error CS0246: The type or namespace name 'ModelBuilder' could not be found (are you missing a using directive or an assembly reference?) [C:\Users\ilyas\Documents\sido\StockFlowPro\src\StockFlowPro.Infrastructure\StockFlowPro.Infrastructure.csproj]

Build FAILED.

C:\Users\ilyas\Documents\sido\StockFlowPro\src\StockFlowPro.Infrastructure\Persistence\AppDbContext.cs(1,17): error CS0234: The type or namespace name 'EntityFrameworkCore' does not exist in the namespace 'Microsoft' (are you missing an assembly reference?) [C:\Users\ilyas\Documents\sido\StockFlowPro\src\StockFlowPro.Infrastructure\StockFlowPro.Infrastructure.csproj]
C:\Users\ilyas\Documents\sido\StockFlowPro\src\StockFlowPro.Infrastructure\Persistence\AppDbContext.cs(6,29): error CS0246: The type or namespace name 'DbContext' could not be found (are you missing a using directive or an assembly reference?) [C:\Users\ilyas\Documents\sido\StockFlowPro\src\StockFlowPro.Infrastructure\StockFlowPro.Infrastructure.csproj]
C:\Users\ilyas\Documents\sido\StockFlowPro\src\StockFlowPro.Infrastructure\Persistence\AppDbContext.cs(10,25): error CS0246: The type or namespace name 'DbContextOptions<>' could not be found (are you missing a using directive or an assembly reference?) [C:\Users\ilyas\Documents\sido\StockFlowPro\src\StockFlowPro.Infrastructure\StockFlowPro.Infrastructure.csproj]
C:\Users\ilyas\Documents\sido\StockFlowPro\src\StockFlowPro.Infrastructure\Persistence\AppDbContext.cs(14,12): error CS0246: The type or namespace name 'DbSet<>' could not be found (are you missing a using directive or an assembly reference?) [C:\Users\ilyas\Documents\sido\StockFlowPro\src\StockFlowPro.Infrastructure\StockFlowPro.Infrastructure.csproj]
C:\Users\ilyas\Documents\sido\StockFlowPro\src\StockFlowPro.Infrastructure\Persistence\AppDbContext.cs(15,12): error CS0246: The type or namespace name 'DbSet<>' could not be found (are you missing a using directive or an assembly reference?) [C:\Users\ilyas\Documents\sido\StockFlowPro\src\StockFlowPro.Infrastructure\StockFlowPro.Infrastructure.csproj]
C:\Users\ilyas\Documents\sido\StockFlowPro\src\StockFlowPro.Infrastructure\Persistence\AppDbContext.cs(16,12): error CS0246: The type or namespace name 'DbSet<>' could not be found (are you missing a using directive or an assembly reference?) [C:\Users\ilyas\Documents\sido\StockFlowPro\src\StockFlowPro.Infrastructure\StockFlowPro.Infrastructure.csproj]
C:\Users\ilyas\Documents\sido\StockFlowPro\src\StockFlowPro.Infrastructure\Persistence\AppDbContext.cs(17,12): error CS0246: The type or namespace name 'DbSet<>' could not be found (are you missing a using directive or an assembly reference?) [C:\Users\ilyas\Documents\sido\StockFlowPro\src\StockFlowPro.Infrastructure\StockFlowPro.Infrastructure.csproj]
C:\Users\ilyas\Documents\sido\StockFlowPro\src\StockFlowPro.Infrastructure\Persistence\AppDbContext.cs(18,12): error CS0246: The type or namespace name 'DbSet<>' could not be found (are you missing a using directive or an assembly reference?) [C:\Users\ilyas\Documents\sido\StockFlowPro\src\StockFlowPro.Infrastructure\StockFlowPro.Infrastructure.csproj]
C:\Users\ilyas\Documents\sido\StockFlowPro\src\StockFlowPro.Infrastructure\Persistence\AppDbContext.cs(19,12): error CS0246: The type or namespace name 'DbSet<>' could not be found (are you missing a using directive or an assembly reference?) [C:\Users\ilyas\Documents\sido\StockFlowPro\src\StockFlowPro.Infrastructure\StockFlowPro.Infrastructure.csproj]
C:\Users\ilyas\Documents\sido\StockFlowPro\src\StockFlowPro.Infrastructure\Persistence\AppDbContext.cs(20,12): error CS0246: The type or namespace name 'DbSet<>' could not be found (are you missing a using directive or an assembly reference?) [C:\Users\ilyas\Documents\sido\StockFlowPro\src\StockFlowPro.Infrastructure\StockFlowPro.Infrastructure.csproj]
C:\Users\ilyas\Documents\sido\StockFlowPro\src\StockFlowPro.Infrastructure\Persistence\AppDbContext.cs(21,12): error CS0246: The type or namespace name 'DbSet<>' could not be found (are you missing a using directive or an assembly reference?) [C:\Users\ilyas\Documents\sido\StockFlowPro\src\StockFlowPro.Infrastructure\StockFlowPro.Infrastructure.csproj]
C:\Users\ilyas\Documents\sido\StockFlowPro\src\StockFlowPro.Infrastructure\Persistence\AppDbContext.cs(22,12): error CS0246: The type or namespace name 'DbSet<>' could not be found (are you missing a using directive or an assembly reference?) [C:\Users\ilyas\Documents\sido\StockFlowPro\src\StockFlowPro.Infrastructure\StockFlowPro.Infrastructure.csproj]
C:\Users\ilyas\Documents\sido\StockFlowPro\src\StockFlowPro.Infrastructure\Persistence\AppDbContext.cs(23,12): error CS0246: The type or namespace name 'DbSet<>' could not be found (are you missing a using directive or an assembly reference?) [C:\Users\ilyas\Documents\sido\StockFlowPro\src\StockFlowPro.Infrastructure\StockFlowPro.Infrastructure.csproj]
C:\Users\ilyas\Documents\sido\StockFlowPro\src\StockFlowPro.Infrastructure\Persistence\AppDbContext.cs(24,12): error CS0246: The type or namespace name 'DbSet<>' could not be found (are you missing a using directive or an assembly reference?) [C:\Users\ilyas\Documents\sido\StockFlowPro\src\StockFlowPro.Infrastructure\StockFlowPro.Infrastructure.csproj]
C:\Users\ilyas\Documents\sido\StockFlowPro\src\StockFlowPro.Infrastructure\Persistence\AppDbContext.cs(33,45): error CS0246: The type or namespace name 'ModelBuilder' could not be found (are you missing a using directive or an assembly reference?) [C:\Users\ilyas\Documents\sido\StockFlowPro\src\StockFlowPro.Infrastructure\StockFlowPro.Infrastructure.csproj]
    0 Warning(s)
    15 Error(s)

Time Elapsed 00:00:01.26

Workload updates are available. Run `dotnet workload list` for more information.
